11
3.0000000000 2.0000000000 7 8
3.3333333333 8.3333333333 1 2
4.2352941176 3.6470588235 3 7
4.4285714286 5.0000000000 3 6
4.8000000000 7.6000000000 1 3
5.2500000000 5.0000000000 6 7
8.0000000000 1.4000000000 4 10
8.0000000000 2.0000000000 4 9
8.0000000000 6.0000000000 1 4
8.4285714286 1.5714285714 9 10
9.0000000000 5.5000000000 1 5

