2
4.2413793103 4.3448275862 1 2
4.7586206897 4.6551724138 1 3

