2
8.0000000000 1.0000000000 1 2
8.0000000000 5.0000000000 3 4

