4
3.0000000000 2.0000000000 3 4
3.6666666667 3.6666666667 1 2
4.6000000000 3.2000000000 1 3
7.0000000000 2.0000000000 1 4

