10
3.0000000000 5.0000000000 2 5
3.0000000000 7.0000000000 1 2 8
4.0000000000 6.0000000000 3 8
5.0000000000 3.0000000000 4 7
5.0000000000 5.0000000000 5 7 8
5.0000000000 6.0000000000 3 7
5.0000000000 7.0000000000 1 7
7.0000000000 3.0000000000 4 6 8
7.0000000000 5.0000000000 5 6
7.0000000000 6.0000000000 3 6

