3
1.0000000000 1.0000000000 1 2
4.3750000000 4.3750000000 1 3
5.6956521739 -4.8695652174 2 3

