2
5.0000000000 5.0000000000 1 3
7.0000000000 8.0000000000 2 3

