2
4.0000000000 6.0000000000 3 4 5
8.0000000000 5.0000000000 1 2

