6
-2.0000000000 2.0000000000 1 3
-1.0000000000 4.0000000000 1 4 5
-0.0000000000 2.0000000000 3 5 6
0.0000000000 6.0000000000 1 2
1.0000000000 4.0000000000 2 4 6
2.0000000000 2.0000000000 2 3

